
Elida@LAPTOP-APL3C58K MINGW64 ~
$ mkdir "Ejercicio 2"

Elida@LAPTOP-APL3C58K MINGW64 ~
$ cd "Ejercicio 2"

Elida@LAPTOP-APL3C58K MINGW64 ~/Ejercicio 2
$ touch e2.js

Elida@LAPTOP-APL3C58K MINGW64 ~/Ejercicio 2
$ cd "/c/Users/Elida/express-ejercicios/Ejercicio-EXPRESSJS/Ejercicio 2"

Elida@LAPTOP-APL3C58K MINGW64 ~/express-ejercicios/Ejercicio-EXPRESSJS/Ejercicio 2 (main)
$ node e2.js
node:internal/modules/cjs/loader:1228
  throw err;
  ^

Error: Cannot find module 'express'
Require stack:
- C:\Users\Elida\express-ejercicios\Ejercicio-EXPRESSJS\Ejercicio 2\e2.js
    at Function._resolveFilename (node:internal/modules/cjs/loader:1225:15)
    at Function._load (node:internal/modules/cjs/loader:1055:27)
    at TracingChannel.traceSync (node:diagnostics_channel:322:14)
    at wrapModuleLoad (node:internal/modules/cjs/loader:220:24)
    at Module.require (node:internal/modules/cjs/loader:1311:12)
    at require (node:internal/modules/helpers:136:16)
    at Object.<anonymous> (C:\Users\Elida\express-ejercicios\Ejercicio-EXPRESSJS
\Ejercicio 2\e2.js:2:17)
    at Module._compile (node:internal/modules/cjs/loader:1554:14)
    at Object..js (node:internal/modules/cjs/loader:1706:10)
    at Module.load (node:internal/modules/cjs/loader:1289:32) {
  code: 'MODULE_NOT_FOUND',
  requireStack: [
    'C:\\Users\\Elida\\express-ejercicios\\Ejercicio-EXPRESSJS\\Ejercicio 2\\e2.
js'
  ]
}

Node.js v22.14.0

Elida@LAPTOP-APL3C58K MINGW64 ~/express-ejercicios/Ejercicio-EXPRESSJS/Ejercicio 2 (main)
$ ^C

Elida@LAPTOP-APL3C58K MINGW64 ~/express-ejercicios/Ejercicio-EXPRESSJS/Ejercicio 2 (main)
$ npm init -y
Wrote to C:\Users\Elida\express-ejercicios\Ejercicio-EXPRESSJS\Ejercicio 2\package.json:

{
  "name": "ejercicio-2",
  "version": "1.0.0",
  "main": "e2.js",
  "scripts": {
    "test": "echo \"Error: no test specified\" && exit 1"
  },
  "keywords": [],
  "author": "",
  "license": "ISC",
  "description": ""
}




Elida@LAPTOP-APL3C58K MINGW64 ~/express-ejercicios/Ejercicio-EXPRESSJS/Ejercicio 2 (main)
$ ^[[200~cd "/c/Users/Elida/express-ejercicios/Ejercicio-EXPRESSJS"
bash: $'\E[200~cd': command not found

Elida@LAPTOP-APL3C58K MINGW64 ~/express-ejercicios/Ejercicio-EXPRESSJS/Ejercicio 2 (main)
$ cd /c/Users/Elida/express-ejercicios/Ejercicio-EXPRESSJS

Elida@LAPTOP-APL3C58K MINGW64 ~/express-ejercicios/Ejercicio-EXPRESSJS (main)
$ npm init -y
Wrote to C:\Users\Elida\express-ejercicios\Ejercicio-EXPRESSJS\package.json:

{
  "name": "ejercicio-expressjs",
  "version": "1.0.0",
  "description": "",
  "main": "index.js",
  "scripts": {
    "test": "echo \"Error: no test specified\" && exit 1"
  },
  "repository": {
    "type": "git",
    "url": "git+https://github.com/Elimila/Ejercicio-EXPRESSJS.git"
  },
  "keywords": [],
  "author": "",
  "license": "ISC",
  "bugs": {
    "url": "https://github.com/Elimila/Ejercicio-EXPRESSJS/issues"
  },
  "homepage": "https://github.com/Elimila/Ejercicio-EXPRESSJS#readme"
}




Elida@LAPTOP-APL3C58K MINGW64 ~/express-ejercicios/Ejercicio-EXPRESSJS (main)
$ npm install express

added 66 packages, and audited 67 packages in 1s

14 packages are looking for funding
  run `npm fund` for details

found 0 vulnerabilities

Elida@LAPTOP-APL3C58K MINGW64 ~/express-ejercicios/Ejercicio-EXPRESSJS (main)
$ cd "/c/Users/Elida/express-ejercicios/Ejercicio-EXPRESSJS/Ejercicio 2"

Elida@LAPTOP-APL3C58K MINGW64 ~/express-ejercicios/Ejercicio-EXPRESSJS/Ejercicio 2 (main)
$ e2.js
bash: e2.js: command not found

Elida@LAPTOP-APL3C58K MINGW64 ~/express-ejercicios/Ejercicio-EXPRESSJS/Ejercicio 2 (main)
$ node e2.js
Servidor levantado en el puerto 3000
